src/app/api/digital-footprint/history/route.ts(21,34): error TS7006: Parameter 'scan' implicitly has an 'any' type.
src/app/api/digital-footprint/history/route.ts(27,43): error TS7006: Parameter 'ds' implicitly has an 'any' type.
src/app/api/report/dashboard/manual_004/route.ts(126,37): error TS7006: Parameter 's' implicitly has an 'any' type.
src/app/api/report/dashboard/manual_004/route.ts(140,46): error TS7006: Parameter 's' implicitly has an 'any' type.
src/app/api/report/dashboard/manual_004/route.ts(140,49): error TS7006: Parameter 'surf' implicitly has an 'any' type.
src/app/api/reports/dashboard/execute/route.ts(1601,40): error TS7006: Parameter 'sum' implicitly has an 'any' type.
src/app/api/reports/dashboard/execute/route.ts(1601,45): error TS7006: Parameter 's' implicitly has an 'any' type.
src/app/api/reports/dashboard/execute/route.ts(1602,33): error TS7006: Parameter 's' implicitly has an 'any' type.
src/app/api/reports/dashboard/execute/route.ts(1617,81): error TS7006: Parameter 's' implicitly has an 'any' type.
src/app/api/reports/dashboard/execute/route.ts(1617,84): error TS7006: Parameter 'surf' implicitly has an 'any' type.
src/lib/curatedStore.ts(20,28): error TS7006: Parameter 'r' implicitly has an 'any' type.
src/lib/curatedStore.ts(49,28): error TS7006: Parameter 'r' implicitly has an 'any' type.
src/lib/digital-footprint/surfaces.ts(56,37): error TS7006: Parameter 's' implicitly has an 'any' type.
src/lib/serpStore.ts(102,40): error TS2339: Property 'url' does not exist on type 'Omit<ClientPositionSerpRecord, "id" | "createdAt" | "updatedAt">'.
src/lib/serpStore.ts(102,58): error TS2339: Property 'fetchedAt' does not exist on type 'Omit<ClientPositionSerpRecord, "id" | "createdAt" | "updatedAt">'.
src/lib/serpStore.ts(112,20): error TS2339: Property 'url' does not exist on type 'Omit<ClientPositionSerpRecord, "id" | "createdAt" | "updatedAt">'.
src/lib/serpStore.ts(113,26): error TS2339: Property 'fetchedAt' does not exist on type 'Omit<ClientPositionSerpRecord, "id" | "createdAt" | "updatedAt">'.
src/lib/serpStore.ts(250,23): error TS2339: Property 'serpData' does not exist on type 'SerpResult'.
src/lib/storage/dashboardQueryStore.ts(19,28): error TS7006: Parameter 'r' implicitly has an 'any' type.
src/lib/storage/dashboardQueryStore.ts(152,28): error TS7006: Parameter 'r' implicitly has an 'any' type.
src/lib/storage/dashboardQueryStore.ts(190,28): error TS7006: Parameter 'r' implicitly has an 'any' type.
src/lib/storage/dashboardQueryStore.ts(237,28): error TS7006: Parameter 'r' implicitly has an 'any' type.
src/lib/storage/domainCredibilityStore.ts(45,28): error TS7006: Parameter 'r' implicitly has an 'any' type.
src/lib/storage/domainCredibilityStore.ts(102,28): error TS7006: Parameter 'r' implicitly has an 'any' type.
src/lib/storage/domainCredibilityStore.ts(136,28): error TS7006: Parameter 'r' implicitly has an 'any' type.
src/lib/storage/domainCredibilityStore.ts(174,9): error TS2740: Type '{ id: any; clientCode: any; domain: any; domainType: "client" | "competitor"; locationCode: "IN" | "GL" | "US" | "UK" | "AU" | "CA"; domainAgeYears: any; referringDomains: any; totalBacklinks: any; ... 12 more ...; fetchedAt: any; }' is missing the following properties from type 'DomainCredibilityRecord': createdDate, expirationDate, registrar, backlinkSpamScore, and 2 more.
src/lib/storage/pageIntentStore.ts(175,21): error TS7006: Parameter 'r' implicitly has an 'any' type.
src/lib/storage/pageIntentStore.ts(259,41): error TS7006: Parameter 'r' implicitly has an 'any' type.
